I'm sorry, but errors were detected in your script. Please correct the
errors listed below, and try again.


File "game/script.rpy", line 11: end of line expected.
    scene m room with fade 2.0
                           ^

Ren'Py Version: Ren'Py 7.4.0.1167
Tue May  4 20:51:03 2021
